usbd_conf.c:70:6:HAL_PCD_MspInit	48	static
usbd_conf.c:115:6:HAL_PCD_MspDeInit	24	static
usbd_conf.c:160:6:HAL_PCD_SetupStageCallback	16	static
usbd_conf.c:175:6:HAL_PCD_DataOutStageCallback	16	static
usbd_conf.c:190:6:HAL_PCD_DataInStageCallback	16	static
usbd_conf.c:204:6:HAL_PCD_SOFCallback	16	static
usbd_conf.c:218:6:HAL_PCD_ResetCallback	24	static
usbd_conf.c:243:6:HAL_PCD_SuspendCallback	16	static
usbd_conf.c:268:6:HAL_PCD_ResumeCallback	16	static
usbd_conf.c:293:6:HAL_PCD_ISOOUTIncompleteCallback	16	static
usbd_conf.c:308:6:HAL_PCD_ISOINIncompleteCallback	16	static
usbd_conf.c:322:6:HAL_PCD_ConnectCallback	16	static
usbd_conf.c:336:6:HAL_PCD_DisconnectCallback	16	static
usbd_conf.c:351:20:USBD_LL_Init	16	static
usbd_conf.c:401:20:USBD_LL_DeInit	24	static
usbd_conf.c:433:20:USBD_LL_Start	24	static
usbd_conf.c:465:20:USBD_LL_Stop	24	static
usbd_conf.c:500:20:USBD_LL_OpenEP	24	static
usbd_conf.c:533:20:USBD_LL_CloseEP	24	static
usbd_conf.c:566:20:USBD_LL_FlushEP	24	static
usbd_conf.c:599:20:USBD_LL_StallEP	24	static
usbd_conf.c:632:20:USBD_LL_ClearStallEP	24	static
usbd_conf.c:665:9:USBD_LL_IsStallEP	24	static
usbd_conf.c:685:20:USBD_LL_SetUSBAddress	24	static
usbd_conf.c:720:20:USBD_LL_Transmit	32	static
usbd_conf.c:755:20:USBD_LL_PrepareReceive	32	static
usbd_conf.c:788:10:USBD_LL_GetRxDataSize	16	static
usbd_conf.c:799:6:HAL_PCDEx_LPM_Callback	16	static
usbd_conf.c:834:6:USBD_LL_Delay	16	static
usbd_conf.c:844:7:USBD_static_malloc	16	static
usbd_conf.c:855:6:USBD_static_free	16	static
usbd_conf.c:867:6:SystemClock_Config	256	static
usbd_conf.c:953:13:SystemClockConfig_Resume	8	static
